Copyright 1986-2015 Xilinx, Inc. All Rights Reserved.
-------------------------------------------------------------------------------------------------------------------------------------
| Tool Version     : Vivado v.2015.1 (lin64) Build 1215546 Mon Apr 27 19:07:21 MDT 2015
| Date             : Wed Apr 20 14:09:18 2016
| Host             : fx9.pld.ttu.ee running 64-bit openSUSE Leap 42.1 (x86_64)
| Command          : report_power -file audio_mixer_wrapper_power_routed.rpt -pb audio_mixer_wrapper_power_summary_routed.pb
| Design           : audio_mixer_wrapper
| Device           : xc7z020clg484-1
| Design State     : Routed
| Grade            : commercial
| Process          : typical
| Characterization : Production
-------------------------------------------------------------------------------------------------------------------------------------

Power Report

Table of Contents
-----------------
1. Summary
1.1 On-Chip Components
1.2 Power Supply Summary
1.3 Confidence Level
2. Settings
2.1 Environment
2.2 Clock Constraints
3. Detailed Reports
3.1 By Hierarchy

1. Summary
----------

+--------------------------+-------+
| Total On-Chip Power (W)  | 1.816 |
| Dynamic (W)              | 1.656 |
| Device Static (W)        | 0.160 |
| Effective TJA (C/W)      | 11.5  |
| Max Ambient (C)          | 64.1  |
| Junction Temperature (C) | 45.9  |
| Confidence Level         | Low   |
| Setting File             | ---   |
| Simulation Activity File | ---   |
| Design Nets Matched      | NA    |
+--------------------------+-------+


1.1 On-Chip Components
----------------------

+-------------------------+-----------+----------+-----------+-----------------+
| On-Chip                 | Power (W) | Used     | Available | Utilization (%) |
+-------------------------+-----------+----------+-----------+-----------------+
| Clocks                  |     0.002 |        5 |       --- |             --- |
| Slice Logic             |    <0.001 |      739 |       --- |             --- |
|   LUT as Logic          |    <0.001 |      213 |     53200 |            0.40 |
|   CARRY4                |    <0.001 |        4 |     13300 |            0.03 |
|   Register              |    <0.001 |      333 |    106400 |            0.31 |
|   LUT as Shift Register |    <0.001 |        8 |     17400 |            0.05 |
|   Others                |     0.000 |      153 |       --- |             --- |
| Signals                 |    <0.001 |      495 |       --- |             --- |
| Block RAM               |    <0.001 |      0.5 |       140 |            0.36 |
| MMCM                    |     0.121 |        1 |         4 |           25.00 |
| I/O                     |     0.003 |        9 |       200 |            4.50 |
| PS7                     |     1.529 |        1 |       --- |             --- |
| Static Power            |     0.160 |          |           |                 |
| Total                   |     1.816 |          |           |                 |
+-------------------------+-----------+----------+-----------+-----------------+


1.2 Power Supply Summary
------------------------

+-----------+-------------+-----------+-------------+------------+
| Source    | Voltage (V) | Total (A) | Dynamic (A) | Static (A) |
+-----------+-------------+-----------+-------------+------------+
| Vccint    |       1.000 |     0.019 |       0.003 |      0.016 |
| Vccaux    |       1.800 |     0.088 |       0.067 |      0.021 |
| Vcco33    |       3.300 |     0.002 |       0.001 |      0.001 |
| Vcco25    |       2.500 |     0.000 |       0.000 |      0.000 |
| Vcco18    |       1.800 |     0.001 |       0.000 |      0.001 |
| Vcco15    |       1.500 |     0.001 |       0.000 |      0.001 |
| Vcco135   |       1.350 |     0.000 |       0.000 |      0.000 |
| Vcco12    |       1.200 |     0.000 |       0.000 |      0.000 |
| Vccaux_io |       1.800 |     0.000 |       0.000 |      0.000 |
| Vccbram   |       1.000 |     0.001 |       0.000 |      0.001 |
| MGTAVcc   |       1.000 |     0.000 |       0.000 |      0.000 |
| MGTAVtt   |       1.200 |     0.000 |       0.000 |      0.000 |
| MGTVccaux |       1.800 |     0.000 |       0.000 |      0.000 |
| Vccpint   |       1.000 |     0.750 |       0.718 |      0.032 |
| Vccpaux   |       1.800 |     0.061 |       0.051 |      0.010 |
| Vccpll    |       1.800 |     0.017 |       0.014 |      0.003 |
| Vcco_ddr  |       1.500 |     0.459 |       0.457 |      0.002 |
| Vcco_mio0 |       3.300 |     0.003 |       0.002 |      0.001 |
| Vcco_mio1 |       1.800 |     0.003 |       0.002 |      0.001 |
| Vccadc    |       1.800 |     0.020 |       0.000 |      0.020 |
+-----------+-------------+-----------+-------------+------------+


1.3 Confidence Level
--------------------

+-----------------------------+------------+--------------------------------------------------------+------------------------------------------------------------------------------------------------------------+
| User Input Data             | Confidence | Details                                                | Action                                                                                                     |
+-----------------------------+------------+--------------------------------------------------------+------------------------------------------------------------------------------------------------------------+
| Design implementation state | High       | Design is routed                                       |                                                                                                            |
| Clock nodes activity        | High       | User specified more than 95% of clocks                 |                                                                                                            |
| I/O nodes activity          | Low        | More than 75% of inputs are missing user specification | Provide missing input activity with simulation results or by editing the "By Resource Type -> I/Os" view   |
| Internal nodes activity     | Medium     | User specified less than 25% of internal nodes         | Provide missing internal nodes activity with simulation results or by editing the "By Resource Type" views |
| Device models               | High       | Device models are Production                           |                                                                                                            |
|                             |            |                                                        |                                                                                                            |
| Overall confidence level    | Low        |                                                        |                                                                                                            |
+-----------------------------+------------+--------------------------------------------------------+------------------------------------------------------------------------------------------------------------+


2. Settings
-----------

2.1 Environment
---------------

+-----------------------+------------------------+
| Ambient Temp (C)      | 25.0                   |
| ThetaJA (C/W)         | 11.5                   |
| Airflow (LFM)         | 250                    |
| Heat Sink             | none                   |
| ThetaSA (C/W)         | 0.0                    |
| Board Selection       | medium (10"x10")       |
| # of Board Layers     | 8to11 (8 to 11 Layers) |
| Board Temperature (C) | 25.0                   |
+-----------------------+------------------------+


2.2 Clock Constraints
---------------------

+-------------------+----------------------------------------------------------------+-----------------+
| Clock             | Domain                                                         | Constraint (ns) |
+-------------------+----------------------------------------------------------------+-----------------+
| clk_feedback      | audio_mixer_i/zed_audio_0/U0/i_clocking/clk_feedback           |            50.0 |
| clk_fpga_0        | audio_mixer_i/processing_system7_0/inst/FCLK_CLK_unbuffered[0] |            10.0 |
| zed_audio_clk_48M | audio_mixer_i/zed_audio_0/U0/i_clocking/zed_audio_clk_48M      |            20.8 |
+-------------------+----------------------------------------------------------------+-----------------+


3. Detailed Reports
-------------------

3.1 By Hierarchy
----------------

+----------------------------------------------+-----------+
| Name                                         | Power (W) |
+----------------------------------------------+-----------+
| audio_mixer_wrapper                          |     1.656 |
|   audio_mixer_i                              |     1.653 |
|     processing_system7_0                     |     1.529 |
|       inst                                   |     1.529 |
|     xlconstant_0                             |     0.000 |
|     zed_audio_0                              |     0.124 |
|       U0                                     |     0.124 |
|         Inst_adau1761_izedboard              |     0.002 |
|           Inst_i2c                           |    <0.001 |
|             Inst_adau1761_configuraiton_data |    <0.001 |
|             Inst_i3c2                        |    <0.001 |
|           Inst_i2s_data_interface            |    <0.001 |
|           i_ADAU1761_interface               |    <0.001 |
|           i_i2s_sda_obuf                     |     0.000 |
|         i_clocking                           |     0.121 |
+----------------------------------------------+-----------+


