Copyright 1986-2015 Xilinx, Inc. All Rights Reserved.
------------------------------------------------------------------------------------------------
| Tool Version : Vivado v.2015.1 (lin64) Build 1215546 Mon Apr 27 19:07:21 MDT 2015
| Date         : Fri Apr 29 12:42:21 2016
| Host         : fx9.pld.ttu.ee running 64-bit openSUSE Leap 42.1 (x86_64)
| Command      : report_control_sets -verbose -file audio_mixer_wrapper_control_sets_placed.rpt
| Design       : audio_mixer_wrapper
| Device       : xc7z020
------------------------------------------------------------------------------------------------

Control Set Information

Table of Contents
-----------------
1. Summary
2. Flip-Flop Distribution
3. Detailed Control Set Information

1. Summary
----------

+-------------------------------------------------------------------+-------+
|                               Status                              | Count |
+-------------------------------------------------------------------+-------+
| Number of unique control sets                                     |    49 |
| Minimum Number of register sites lost to control set restrictions |   119 |
+-------------------------------------------------------------------+-------+


2. Flip-Flop Distribution
-------------------------

+--------------+-----------------------+------------------------+-----------------+--------------+
| Clock Enable | Synchronous Set/Reset | Asynchronous Set/Reset | Total Registers | Total Slices |
+--------------+-----------------------+------------------------+-----------------+--------------+
| No           | No                    | No                     |             147 |           50 |
| No           | No                    | Yes                    |               0 |            0 |
| No           | Yes                   | No                     |             396 |          123 |
| Yes          | No                    | No                     |             526 |          149 |
| Yes          | No                    | Yes                    |               0 |            0 |
| Yes          | Yes                   | No                     |             132 |           56 |
+--------------+-----------------------+------------------------+-----------------+--------------+


3. Detailed Control Set Information
-----------------------------------

+----------------------------------------------------+-------------------------------------------------------------------------------------------------------------------------------------------------------------------+------------------------------------------------------------------------------------------------------------------------------------------------------------+------------------+----------------+
|                    Clock Signal                    |                                                                           Enable Signal                                                                           |                                                                      Set/Reset Signal                                                                      | Slice Load Count | Bel Load Count |
+----------------------------------------------------+-------------------------------------------------------------------------------------------------------------------------------------------------------------------+------------------------------------------------------------------------------------------------------------------------------------------------------------+------------------+----------------+
|  audio_mixer_i/processing_system7_0/inst/FCLK_CLK0 | audio_mixer_i/processing_system7_0_axi_periph/s00_couplers/auto_pc/inst/gen_axilite.gen_b2s_conv.axilite_b2s/WR.b_channel_0/bid_fifo_0/bresp_push                 |                                                                                                                                                            |                1 |              2 |
|  audio_mixer_i/zed_audio_0/U0/i_clocking/CLK_48    | audio_mixer_i/zed_audio_0/U0/Inst_adau1761_izedboard/Inst_i2c/Inst_i3c2/bitcount[6]_i_1_n_0                                                                       | audio_mixer_i/zed_audio_0/U0/Inst_adau1761_izedboard/Inst_i2c/Inst_i3c2/bitcount[7]_i_1_n_0                                                                |                2 |              4 |
|  audio_mixer_i/zed_audio_0/U0/i_clocking/CLK_48    | audio_mixer_i/zed_audio_0/U0/Inst_adau1761_izedboard/Inst_i2c/Inst_i3c2/bitcount[6]_i_1_n_0                                                                       |                                                                                                                                                            |                3 |              4 |
|  audio_mixer_i/processing_system7_0/inst/FCLK_CLK0 | audio_mixer_i/processing_system7_0_axi_periph/s00_couplers/auto_pc/inst/gen_axilite.gen_b2s_conv.axilite_b2s/WR.aw_channel_0/aw_cmd_fsm_0/axlen_cnt_reg[0]_0[0]   |                                                                                                                                                            |                1 |              4 |
|  audio_mixer_i/zed_audio_0/U0/i_clocking/CLK_48    | audio_mixer_i/zed_audio_0/U0/Inst_adau1761_izedboard/Inst_i2c/Inst_i3c2/i2c_bits_left[3]_i_1_n_0                                                                  |                                                                                                                                                            |                2 |              4 |
|  audio_mixer_i/zed_audio_0/U0/i_clocking/CLK_48    | audio_mixer_i/zed_audio_0/U0/Inst_adau1761_izedboard/Inst_i2c/Inst_i3c2/state[3]_i_1_n_0                                                                          |                                                                                                                                                            |                2 |              4 |
|  audio_mixer_i/processing_system7_0/inst/FCLK_CLK0 | audio_mixer_i/processing_system7_0_axi_periph/s00_couplers/auto_pc/inst/gen_axilite.gen_b2s_conv.axilite_b2s/RD.ar_channel_0/ar_cmd_fsm_0/axlen_cnt_reg[0][0]     |                                                                                                                                                            |                2 |              4 |
|  audio_mixer_i/processing_system7_0/inst/FCLK_CLK0 | audio_mixer_i/processing_system7_0_axi_periph/s00_couplers/auto_pc/inst/gen_axilite.gen_b2s_conv.axilite_b2s/WR.aw_channel_0/aw_cmd_fsm_0/axlen_cnt_reg[4]_0      |                                                                                                                                                            |                2 |              4 |
|  audio_mixer_i/processing_system7_0/inst/FCLK_CLK0 | audio_mixer_i/processing_system7_0_axi_periph/s00_couplers/auto_pc/inst/gen_axilite.gen_b2s_conv.axilite_b2s/RD.ar_channel_0/ar_cmd_fsm_0/axlen_cnt_reg[4]        |                                                                                                                                                            |                2 |              4 |
|  audio_mixer_i/processing_system7_0/inst/FCLK_CLK0 | audio_mixer_i/processing_system7_0_axi_periph/s00_couplers/auto_pc/inst/gen_axilite.gen_b2s_conv.axilite_b2s/RD.ar_channel_0/ar_cmd_fsm_0/axlen_cnt_reg[4]        | audio_mixer_i/processing_system7_0_axi_periph/s00_couplers/auto_pc/inst/gen_axilite.gen_b2s_conv.axilite_b2s/RD.ar_channel_0/ar_cmd_fsm_0/axlen_cnt_reg[7] |                1 |              4 |
|  audio_mixer_i/processing_system7_0/inst/FCLK_CLK0 | audio_mixer_i/processing_system7_0_axi_periph/s00_couplers/auto_pc/inst/gen_axilite.gen_b2s_conv.axilite_b2s/WR.aw_channel_0/aw_cmd_fsm_0/axlen_cnt_reg[4]_0      | audio_mixer_i/processing_system7_0_axi_periph/s00_couplers/auto_pc/inst/gen_axilite.gen_b2s_conv.axilite_b2s/WR.aw_channel_0/aw_cmd_fsm_0/axlen_cnt_reg[7] |                1 |              4 |
|  audio_mixer_i/processing_system7_0/inst/FCLK_CLK0 |                                                                                                                                                                   | audio_mixer_i/rst_processing_system7_0_100M/U0/EXT_LPF/lpf_int                                                                                             |                3 |              5 |
|  audio_mixer_i/zed_audio_0/U0/i_clocking/CLK_48    | audio_mixer_i/zed_audio_0/U0/Inst_adau1761_izedboard/Inst_i2c/Inst_i3c2/pcnext[2]_i_1_n_0                                                                         |                                                                                                                                                            |                3 |              6 |
|  audio_mixer_i/processing_system7_0/inst/FCLK_CLK0 | audio_mixer_i/rst_processing_system7_0_100M/U0/SEQ/seq_cnt_en                                                                                                     | audio_mixer_i/rst_processing_system7_0_100M/U0/SEQ/SEQ_COUNTER/clear                                                                                       |                2 |              6 |
|  audio_mixer_i/processing_system7_0/inst/FCLK_CLK0 | audio_mixer_i/processing_system7_0_axi_periph/s00_couplers/auto_pc/inst/gen_axilite.gen_b2s_conv.axilite_b2s/WR.aw_channel_0/aw_cmd_fsm_0/axaddr_incr_reg[0]      |                                                                                                                                                            |                2 |              8 |
|  audio_mixer_i/processing_system7_0/inst/FCLK_CLK0 | audio_mixer_i/processing_system7_0_axi_periph/s00_couplers/auto_pc/inst/gen_axilite.gen_b2s_conv.axilite_b2s/RD.ar_channel_0/ar_cmd_fsm_0/E[0]                    |                                                                                                                                                            |                2 |              8 |
|  audio_mixer_i/processing_system7_0/inst/FCLK_CLK0 | audio_mixer_i/processing_system7_0_axi_periph/s00_couplers/auto_pc/inst/gen_axilite.gen_b2s_conv.axilite_b2s/WR.aw_channel_0/aw_cmd_fsm_0/E[0]                    |                                                                                                                                                            |                4 |              8 |
|  audio_mixer_i/processing_system7_0/inst/FCLK_CLK0 | audio_mixer_i/processing_system7_0_axi_periph/s00_couplers/auto_pc/inst/gen_axilite.gen_b2s_conv.axilite_b2s/WR.aw_channel_0/aw_cmd_fsm_0/axaddr_wrap_reg[0][0]   |                                                                                                                                                            |                3 |              8 |
|  audio_mixer_i/processing_system7_0/inst/FCLK_CLK0 | audio_mixer_i/processing_system7_0_axi_periph/s00_couplers/auto_pc/inst/gen_axilite.gen_b2s_conv.axilite_b2s/WR.b_channel_0/mhandshake_r                          | audio_mixer_i/processing_system7_0_axi_periph/s00_couplers/auto_pc/inst/gen_axilite.gen_b2s_conv.axilite_b2s/WR.b_channel_0/bid_fifo_0/SR[0]               |                2 |              8 |
|  audio_mixer_i/processing_system7_0/inst/FCLK_CLK0 | audio_mixer_i/processing_system7_0_axi_periph/s00_couplers/auto_pc/inst/gen_axilite.gen_b2s_conv.axilite_b2s/RD.ar_channel_0/ar_cmd_fsm_0/axaddr_incr_reg[0]      |                                                                                                                                                            |                2 |              8 |
|  audio_mixer_i/processing_system7_0/inst/FCLK_CLK0 | audio_mixer_i/processing_system7_0_axi_periph/s00_couplers/auto_pc/inst/gen_axilite.gen_b2s_conv.axilite_b2s/RD.ar_channel_0/ar_cmd_fsm_0/axaddr_wrap_reg[0][0]   |                                                                                                                                                            |                2 |              8 |
|  audio_mixer_i/zed_audio_0/U0/i_clocking/CLK_48    | audio_mixer_i/zed_audio_0/U0/Inst_adau1761_izedboard/Inst_i2c/Inst_i3c2/i2c_data[8]_i_1_n_0                                                                       |                                                                                                                                                            |                4 |              8 |
|  audio_mixer_i/processing_system7_0/inst/FCLK_CLK0 |                                                                                                                                                                   | audio_mixer_i/processing_system7_0_axi_periph/s00_couplers/auto_pc/inst/gen_axilite.gen_b2s_conv.axilite_b2s/SI_REG/ar_pipe/SR[0]                          |                3 |              8 |
|  audio_mixer_i/zed_audio_0/U0/i_clocking/CLK_48    | audio_mixer_i/zed_audio_0/U0/Inst_adau1761_izedboard/Inst_i2s_data_interface/i2s_d_out_i_1_n_0                                                                    | audio_mixer_i/zed_audio_0/U0/Inst_adau1761_izedboard/Inst_i2s_data_interface/sr_out_r_i_1_n_0                                                              |                2 |              9 |
|  audio_mixer_i/processing_system7_0/inst/FCLK_CLK0 |                                                                                                                                                                   | audio_mixer_i/processing_system7_0_axi_periph/xbar/inst/gen_sasd.crossbar_sasd_0/addr_arbiter_inst/SR[0]                                                   |                3 |             10 |
|  audio_mixer_i/processing_system7_0/inst/FCLK_CLK0 | audio_mixer_i/processing_system7_0_axi_periph/s00_couplers/auto_pc/inst/gen_axilite.gen_b2s_conv.axilite_b2s/RD.r_channel_0/r_push_r                              |                                                                                                                                                            |                4 |             13 |
|  audio_mixer_i/processing_system7_0/inst/FCLK_CLK0 | audio_mixer_i/processing_system7_0_axi_periph/s00_couplers/auto_pc/inst/gen_axilite.gen_b2s_conv.axilite_b2s/SI_REG/b_pipe/p_1_in                                 |                                                                                                                                                            |                3 |             14 |
|  audio_mixer_i/processing_system7_0/inst/FCLK_CLK0 | audio_mixer_i/processing_system7_0_axi_periph/s00_couplers/auto_pc/inst/gen_axilite.gen_b2s_conv.axilite_b2s/SI_REG/b_pipe/skid_buffer_reg[0]_0                   |                                                                                                                                                            |                3 |             14 |
|  audio_mixer_i/zed_audio_0/U0/i_clocking/CLK_48    | audio_mixer_i/zed_audio_0/U0/Inst_adau1761_izedboard/Inst_i2c/Inst_i3c2/pcnext[2]_i_1_n_0                                                                         | audio_mixer_i/zed_audio_0/U0/Inst_adau1761_izedboard/Inst_i2c/Inst_i3c2/state_reg_n_0_[3]                                                                  |                4 |             14 |
|  audio_mixer_i/zed_audio_0/U0/i_clocking/CLK_48    |                                                                                                                                                                   |                                                                                                                                                            |               11 |             15 |
|  audio_mixer_i/zed_audio_0/U0/i_clocking/CLK_48    | audio_mixer_i/zed_audio_0/U0/Inst_adau1761_izedboard/Inst_i2c/Inst_i3c2/delay[15]_i_1_n_0                                                                         |                                                                                                                                                            |                6 |             16 |
|  audio_mixer_i/processing_system7_0/inst/FCLK_CLK0 | audio_mixer_i/processing_system7_0_axi_periph/xbar/inst/gen_sasd.crossbar_sasd_0/addr_arbiter_inst/p_0_in1_in                                                     | audio_mixer_i/processing_system7_0_axi_periph/xbar/inst/gen_sasd.crossbar_sasd_0/addr_arbiter_inst/SR[0]                                                   |                9 |             19 |
|  audio_mixer_i/processing_system7_0/inst/FCLK_CLK0 | audio_mixer_i/processing_system7_0_axi_periph/s00_couplers/auto_pc/inst/gen_axilite.gen_b2s_conv.axilite_b2s/WR.aw_channel_0/aw_cmd_fsm_0/m_payload_i_reg[0]      |                                                                                                                                                            |                4 |             20 |
|  audio_mixer_i/processing_system7_0/inst/FCLK_CLK0 | audio_mixer_i/axi_to_audio_0/U0/axi_to_audio_v1_0_S00_AXI_inst/slv_reg_rden                                                                                       | audio_mixer_i/axi_to_audio_0/U0/axi_to_audio_v1_0_S00_AXI_inst/axi_awready_i_1_n_0                                                                         |               17 |             32 |
|  audio_mixer_i/processing_system7_0/inst/FCLK_CLK0 | audio_mixer_i/audio_to_axi_0/U0/audio_to_axi_v1_0_S00_AXI_inst/slv_reg_rden                                                                                       | audio_mixer_i/audio_to_axi_0/U0/audio_to_axi_v1_0_S00_AXI_inst/axi_awready_i_1_n_0                                                                         |               16 |             32 |
|  audio_mixer_i/processing_system7_0/inst/FCLK_CLK0 | audio_mixer_i/processing_system7_0_axi_periph/s00_couplers/auto_pc/inst/gen_axilite.gen_b2s_conv.axilite_b2s/RD.r_channel_0/rd_data_fifo_0/wr_en0                 |                                                                                                                                                            |               11 |             34 |
|  audio_mixer_i/processing_system7_0/inst/FCLK_CLK0 | audio_mixer_i/processing_system7_0_axi_periph/xbar/inst/gen_sasd.crossbar_sasd_0/reg_slice_r/aa_rready                                                            |                                                                                                                                                            |               14 |             35 |
|  audio_mixer_i/processing_system7_0/inst/FCLK_CLK0 | audio_mixer_i/processing_system7_0_axi_periph/xbar/inst/gen_sasd.crossbar_sasd_0/addr_arbiter_inst/E[0]                                                           |                                                                                                                                                            |               15 |             35 |
|  audio_mixer_i/processing_system7_0/inst/FCLK_CLK0 | audio_mixer_i/processing_system7_0_axi_periph/s00_couplers/auto_pc/inst/gen_axilite.gen_b2s_conv.axilite_b2s/RD.ar_channel_0/ar_cmd_fsm_0/m_payload_i_reg[0][0]   |                                                                                                                                                            |               12 |             44 |
|  audio_mixer_i/processing_system7_0/inst/FCLK_CLK0 | audio_mixer_i/processing_system7_0_axi_periph/s00_couplers/auto_pc/inst/gen_axilite.gen_b2s_conv.axilite_b2s/SI_REG/ar_pipe/skid_buffer_reg[0]_0                  |                                                                                                                                                            |                9 |             44 |
|  audio_mixer_i/processing_system7_0/inst/FCLK_CLK0 | audio_mixer_i/processing_system7_0_axi_periph/s00_couplers/auto_pc/inst/gen_axilite.gen_b2s_conv.axilite_b2s/SI_REG/aw_pipe/skid_buffer_reg[0]_0                  |                                                                                                                                                            |               10 |             44 |
|  audio_mixer_i/processing_system7_0/inst/FCLK_CLK0 | audio_mixer_i/processing_system7_0_axi_periph/s00_couplers/auto_pc/inst/gen_axilite.gen_b2s_conv.axilite_b2s/WR.aw_channel_0/aw_cmd_fsm_0/m_payload_i_reg[0]_0[0] |                                                                                                                                                            |               10 |             44 |
|  audio_mixer_i/processing_system7_0/inst/FCLK_CLK0 | audio_mixer_i/processing_system7_0_axi_periph/s00_couplers/auto_pc/inst/gen_axilite.gen_b2s_conv.axilite_b2s/SI_REG/r_pipe/p_1_in                                 |                                                                                                                                                            |                7 |             47 |
|  audio_mixer_i/processing_system7_0/inst/FCLK_CLK0 | audio_mixer_i/processing_system7_0_axi_periph/s00_couplers/auto_pc/inst/gen_axilite.gen_b2s_conv.axilite_b2s/SI_REG/r_pipe/skid_buffer_reg[0]_0                   |                                                                                                                                                            |                7 |             47 |
|  audio_mixer_i/zed_audio_0/U0/i_clocking/CLK_48    | audio_mixer_i/zed_audio_0/U0/Inst_adau1761_izedboard/Inst_i2s_data_interface/i2s_d_out_i_1_n_0                                                                    |                                                                                                                                                            |               19 |             54 |
|  audio_mixer_i/processing_system7_0/inst/FCLK_CLK0 |                                                                                                                                                                   | audio_mixer_i/processing_system7_0_axi_periph/s00_couplers/auto_pc/inst/gen_axilite.gen_b2s_conv.axilite_b2s/areset_d1                                     |               19 |             69 |
|  audio_mixer_i/processing_system7_0/inst/FCLK_CLK0 |                                                                                                                                                                   |                                                                                                                                                            |               41 |            134 |
|  audio_mixer_i/processing_system7_0/inst/FCLK_CLK0 |                                                                                                                                                                   | audio_mixer_i/axi_to_audio_0/U0/axi_to_audio_v1_0_S00_AXI_inst/axi_awready_i_1_n_0                                                                         |               41 |            135 |
|  audio_mixer_i/processing_system7_0/inst/FCLK_CLK0 |                                                                                                                                                                   | audio_mixer_i/audio_to_axi_0/U0/audio_to_axi_v1_0_S00_AXI_inst/axi_awready_i_1_n_0                                                                         |               54 |            169 |
+----------------------------------------------------+-------------------------------------------------------------------------------------------------------------------------------------------------------------------+------------------------------------------------------------------------------------------------------------------------------------------------------------+------------------+----------------+


